Partition of a set of 116280 objects. Total size = 9552004 bytes.
 Index  Count   %     Size   % Cumulative  % Type
  0  52874  45  4505404  47   4505404  47 str
  1   5927   5  2231096  23   6736500  71 dict
  2  29215  25  1099676  12   7836176  82 tuple
  3   7503   6   510204   5   8346380  87 types.CodeType
  4   7625   7   427000   4   8773380  92 function
  5    672   1   292968   3   9066348  95 type
  6    866   1    82176   1   9148524  96 list
  7   1796   2    71840   1   9220364  97 __builtin__.weakref
  8   1140   1    41040   0   9261404  97 __builtin__.wrapper_descriptor
  9   2603   2    31236   0   9292640  97 int

[xxxx@webxx ~]$ ps -u xxxx-o pid,rss,cmd
  PID   RSS CMD
22123 67492 twistd -y broadcast.tac -r epoll

